
> nextn@0.1.0 build
> next build

   Γû▓ Next.js 15.5.12
   - Environments: .env.local

   Creating an optimized production build ...
node.exe : <w> [webpack.cache.PackFileCacheStrategy] 
Serializing big strings (133kiB) impacts deserialization 
performance (consider using Buffer instead and decode when 
needed)
At line:1 char:1
+ & "C:\Program Files\nodejs/node.exe" "C:\Program 
Files\nodejs/node_mo ...
+ ~~~~~~~~~~~~~~~~~~~~~~~~~~~~~~~~~~~~~~~~~~~~~~~~~~~~~~~~~~~~~
~~~~~~~~
    + CategoryInfo          : NotSpecified: (<w> [webpack.ca.. 
   .de when needed):String) [], RemoteException
    + FullyQualifiedErrorId : NativeCommandError
 
 Γ£ô Compiled successfully in 35.9s
   Skipping validation of types
   Skipping linting
   Collecting page data ...
   Generating static pages (0/9) ...
   Generating static pages (2/9) 
   Generating static pages (4/9) 
   Generating static pages (6/9) 
 Γ£ô Generating static pages (9/9)
   Finalizing page optimization ...
   Collecting build traces ...

Route (app)                                 Size  First Load JS
Γöî ╞Æ /                                     284 kB         401 kB
Γö£ Γùï /_not-found                            999 B         103 kB
Γö£ ╞Æ /api/ai/cad                            132 B         102 kB
Γö£ ╞Æ /api/chat                              132 B         102 kB
Γö£ ╞Æ /api/guest-login                       132 B         102 kB
Γöö ╞Æ /login                               4.16 kB         115 kB
+ First Load JS shared by all             102 kB
  Γö£ chunks/255-091853b4155593e2.js       45.7 kB
  Γö£ chunks/4bd1b696-409494caf8c83275.js  54.2 kB
  Γöö other shared chunks (total)          2.16 kB


╞Æ Middleware                               81 kB

Γùï  (Static)   prerendered as static content
╞Æ  (Dynamic)  server-rendered on demand

